// Jest Snapshot v1, https://goo.gl/fbAQLP

exports[`Button Stories primaryshould match snapshot 1`] = `
<body>
  <div>
    <div
      class="px-3 py-2 whitespace-no-wrap"
    >
      <span>
        Hello World
      </span>
    </div>
  </div>
</body>
`;
