// Jest Snapshot v1, https://goo.gl/fbAQLP

exports[`Simple Stories primaryshould match snapshot 1`] = `
<body>
  <div>
    <div
      class="px-3 py-2 whitespace-no-wrap"
    >
      <span
        class="text-sm leading-5 text-right text-gray-900"
      >
        Label
      </span>
    </div>
  </div>
</body>
`;
